[2026-04-15T10:31:24.044+0900] Using G1
[2026-04-15T10:31:24.046+0900] Version: 17.0.17+10-LTS (release)
[2026-04-15T10:31:24.046+0900] CPUs: 16 total, 16 available
[2026-04-15T10:31:24.046+0900] Memory: 31861M
[2026-04-15T10:31:24.046+0900] Large Page Support: Disabled
[2026-04-15T10:31:24.046+0900] NUMA Support: Disabled
[2026-04-15T10:31:24.046+0900] Compressed Oops: Enabled (32-bit)
[2026-04-15T10:31:24.046+0900] Heap Region Size: 1M
[2026-04-15T10:31:24.046+0900] Heap Min Capacity: 512M
[2026-04-15T10:31:24.046+0900] Heap Initial Capacity: 512M
[2026-04-15T10:31:24.046+0900] Heap Max Capacity: 1408M
[2026-04-15T10:31:24.046+0900] Pre-touch: Disabled
[2026-04-15T10:31:24.046+0900] Parallel Workers: 4
[2026-04-15T10:31:24.046+0900] Concurrent Workers: 4
[2026-04-15T10:31:24.047+0900] Concurrent Refinement Workers: 4
[2026-04-15T10:31:24.047+0900] Periodic GC: Disabled
[2026-04-15T10:31:24.051+0900] CDS archive(s) mapped at: [0x0000026b8c000000-0x0000026b8cbb0000-0x0000026b8cbb0000), size 12255232, SharedBaseAddress: 0x0000026b8c000000, ArchiveRelocationMode: 1.
[2026-04-15T10:31:24.051+0900] Compressed class space mapped at: 0x0000026b8d000000-0x0000026b9a000000, reserved size: 218103808
[2026-04-15T10:31:24.051+0900] Narrow klass base: 0x0000026b8c000000, Narrow klass shift: 0, Narrow klass range: 0x100000000
[2026-04-15T10:31:24.273+0900] GC(0) Pause Young (Normal) (G1 Evacuation Pause)
[2026-04-15T10:31:24.273+0900] GC(0) Using 4 workers of 4 for evacuation
[2026-04-15T10:31:24.276+0900] GC(0)   Pre Evacuate Collection Set: 0.0ms
[2026-04-15T10:31:24.276+0900] GC(0)   Merge Heap Roots: 0.0ms
[2026-04-15T10:31:24.276+0900] GC(0)   Evacuate Collection Set: 2.3ms
[2026-04-15T10:31:24.276+0900] GC(0)   Post Evacuate Collection Set: 0.2ms
[2026-04-15T10:31:24.276+0900] GC(0)   Other: 0.2ms
[2026-04-15T10:31:24.276+0900] GC(0) Eden regions: 25->0(21)
[2026-04-15T10:31:24.276+0900] GC(0) Survivor regions: 0->4(4)
[2026-04-15T10:31:24.276+0900] GC(0) Old regions: 0->6
[2026-04-15T10:31:24.276+0900] GC(0) Archive regions: 0->0
[2026-04-15T10:31:24.276+0900] GC(0) Humongous regions: 6->4
[2026-04-15T10:31:24.276+0900] GC(0) Metaspace: 5533K(5760K)->5533K(5760K) NonClass: 4864K(4992K)->4864K(4992K) Class: 669K(768K)->669K(768K)
[2026-04-15T10:31:24.276+0900] GC(0) Pause Young (Normal) (G1 Evacuation Pause) 31M->13M(512M) 2.869ms
[2026-04-15T10:31:24.276+0900] GC(0) User=0.00s Sys=0.00s Real=0.00s
[2026-04-15T10:31:24.401+0900] GC(1) Pause Young (Normal) (G1 Evacuation Pause)
[2026-04-15T10:31:24.402+0900] GC(1) Using 4 workers of 4 for evacuation
[2026-04-15T10:31:24.404+0900] GC(1)   Pre Evacuate Collection Set: 0.0ms
[2026-04-15T10:31:24.404+0900] GC(1)   Merge Heap Roots: 0.0ms
[2026-04-15T10:31:24.404+0900] GC(1)   Evacuate Collection Set: 2.6ms
[2026-04-15T10:31:24.404+0900] GC(1)   Post Evacuate Collection Set: 0.2ms
[2026-04-15T10:31:24.404+0900] GC(1)   Other: 0.1ms
[2026-04-15T10:31:24.404+0900] GC(1) Eden regions: 21->0(21)
[2026-04-15T10:31:24.404+0900] GC(1) Survivor regions: 4->4(4)
[2026-04-15T10:31:24.404+0900] GC(1) Old regions: 6->10
[2026-04-15T10:31:24.404+0900] GC(1) Archive regions: 0->0
[2026-04-15T10:31:24.404+0900] GC(1) Humongous regions: 8->4
[2026-04-15T10:31:24.404+0900] GC(1) Metaspace: 8644K(8896K)->8644K(8896K) NonClass: 7578K(7680K)->7578K(7680K) Class: 1065K(1216K)->1065K(1216K)
[2026-04-15T10:31:24.404+0900] GC(1) Pause Young (Normal) (G1 Evacuation Pause) 38M->17M(512M) 3.038ms
[2026-04-15T10:31:24.405+0900] GC(1) User=0.03s Sys=0.03s Real=0.00s
[2026-04-15T10:31:24.594+0900] GC(2) Pause Young (Normal) (G1 Evacuation Pause)
[2026-04-15T10:31:24.594+0900] GC(2) Using 4 workers of 4 for evacuation
[2026-04-15T10:31:24.597+0900] GC(2)   Pre Evacuate Collection Set: 0.0ms
[2026-04-15T10:31:24.597+0900] GC(2)   Merge Heap Roots: 0.0ms
[2026-04-15T10:31:24.597+0900] GC(2)   Evacuate Collection Set: 1.6ms
[2026-04-15T10:31:24.597+0900] GC(2)   Post Evacuate Collection Set: 0.1ms
[2026-04-15T10:31:24.597+0900] GC(2)   Other: 0.1ms
[2026-04-15T10:31:24.597+0900] GC(2) Eden regions: 21->0(45)
[2026-04-15T10:31:24.597+0900] GC(2) Survivor regions: 4->3(4)
[2026-04-15T10:31:24.597+0900] GC(2) Old regions: 10->14
[2026-04-15T10:31:24.597+0900] GC(2) Archive regions: 0->0
[2026-04-15T10:31:24.597+0900] GC(2) Humongous regions: 4->4
[2026-04-15T10:31:24.597+0900] GC(2) Metaspace: 13494K(13760K)->13494K(13760K) NonClass: 11701K(11840K)->11701K(11840K) Class: 1792K(1920K)->1792K(1920K)
[2026-04-15T10:31:24.597+0900] GC(2) Pause Young (Normal) (G1 Evacuation Pause) 38M->19M(512M) 2.018ms
[2026-04-15T10:31:24.597+0900] GC(2) User=0.00s Sys=0.00s Real=0.00s
[2026-04-15T10:31:24.846+0900] GC(3) Pause Young (Concurrent Start) (Metadata GC Threshold)
[2026-04-15T10:31:24.846+0900] GC(3) Using 4 workers of 4 for evacuation
[2026-04-15T10:31:24.848+0900] GC(3)   Pre Evacuate Collection Set: 0.1ms
[2026-04-15T10:31:24.848+0900] GC(3)   Merge Heap Roots: 0.0ms
[2026-04-15T10:31:24.848+0900] GC(3)   Evacuate Collection Set: 2.2ms
[2026-04-15T10:31:24.848+0900] GC(3)   Post Evacuate Collection Set: 0.2ms
[2026-04-15T10:31:24.848+0900] GC(3)   Other: 0.1ms
[2026-04-15T10:31:24.848+0900] GC(3) Eden regions: 41->0(164)
[2026-04-15T10:31:24.848+0900] GC(3) Survivor regions: 3->4(6)
[2026-04-15T10:31:24.848+0900] GC(3) Old regions: 14->14
[2026-04-15T10:31:24.848+0900] GC(3) Archive regions: 0->0
[2026-04-15T10:31:24.848+0900] GC(3) Humongous regions: 4->4
[2026-04-15T10:31:24.848+0900] GC(3) Metaspace: 21264K(21504K)->21264K(21504K) NonClass: 18380K(18496K)->18380K(18496K) Class: 2883K(3008K)->2883K(3008K)
[2026-04-15T10:31:24.848+0900] GC(3) Pause Young (Concurrent Start) (Metadata GC Threshold) 60M->21M(512M) 2.638ms
[2026-04-15T10:31:24.848+0900] GC(3) User=0.00s Sys=0.00s Real=0.00s
[2026-04-15T10:31:24.848+0900] GC(4) Concurrent Mark Cycle
[2026-04-15T10:31:24.848+0900] GC(4) Concurrent Clear Claimed Marks
[2026-04-15T10:31:24.848+0900] GC(4) Concurrent Clear Claimed Marks 0.017ms
[2026-04-15T10:31:24.848+0900] GC(4) Concurrent Scan Root Regions
[2026-04-15T10:31:24.849+0900] GC(4) Concurrent Scan Root Regions 0.767ms
[2026-04-15T10:31:24.849+0900] GC(4) Concurrent Mark
[2026-04-15T10:31:24.849+0900] GC(4) Concurrent Mark From Roots
[2026-04-15T10:31:24.849+0900] GC(4) Using 4 workers of 4 for marking
[2026-04-15T10:31:24.850+0900] GC(4) Concurrent Mark From Roots 1.261ms
[2026-04-15T10:31:24.850+0900] GC(4) Concurrent Preclean
[2026-04-15T10:31:24.850+0900] GC(4) Concurrent Preclean 0.053ms
[2026-04-15T10:31:24.850+0900] GC(4) Pause Remark
[2026-04-15T10:31:24.852+0900] GC(4) Pause Remark 22M->22M(512M) 1.592ms
[2026-04-15T10:31:24.852+0900] GC(4) User=0.00s Sys=0.00s Real=0.00s
[2026-04-15T10:31:24.852+0900] GC(4) Concurrent Mark 3.035ms
[2026-04-15T10:31:24.852+0900] GC(4) Concurrent Rebuild Remembered Sets
[2026-04-15T10:31:24.853+0900] GC(4) Concurrent Rebuild Remembered Sets 0.622ms
[2026-04-15T10:31:24.853+0900] GC(4) Pause Cleanup
[2026-04-15T10:31:24.853+0900] GC(4) Pause Cleanup 22M->22M(512M) 0.054ms
[2026-04-15T10:31:24.853+0900] GC(4) User=0.00s Sys=0.00s Real=0.00s
[2026-04-15T10:31:24.853+0900] GC(4) Concurrent Cleanup for Next Mark
[2026-04-15T10:31:24.853+0900] GC(4) Concurrent Cleanup for Next Mark 0.649ms
[2026-04-15T10:31:24.853+0900] GC(4) Concurrent Mark Cycle 5.325ms
[2026-04-15T10:31:25.647+0900] GC(5) Pause Young (Concurrent Start) (Metadata GC Threshold)
[2026-04-15T10:31:25.647+0900] GC(5) Using 4 workers of 4 for evacuation
[2026-04-15T10:31:25.654+0900] GC(5)   Pre Evacuate Collection Set: 0.1ms
[2026-04-15T10:31:25.654+0900] GC(5)   Merge Heap Roots: 0.0ms
[2026-04-15T10:31:25.654+0900] GC(5)   Evacuate Collection Set: 7.2ms
[2026-04-15T10:31:25.654+0900] GC(5)   Post Evacuate Collection Set: 0.3ms
[2026-04-15T10:31:25.654+0900] GC(5)   Other: 0.1ms
[2026-04-15T10:31:25.654+0900] GC(5) Eden regions: 161->0(159)
[2026-04-15T10:31:25.654+0900] GC(5) Survivor regions: 4->15(21)
[2026-04-15T10:31:25.654+0900] GC(5) Old regions: 14->14
[2026-04-15T10:31:25.654+0900] GC(5) Archive regions: 0->0
[2026-04-15T10:31:25.654+0900] GC(5) Humongous regions: 4->4
[2026-04-15T10:31:25.654+0900] GC(5) Metaspace: 35750K(36096K)->35750K(36096K) NonClass: 30808K(30976K)->30808K(30976K) Class: 4941K(5120K)->4941K(5120K)
[2026-04-15T10:31:25.654+0900] GC(5) Pause Young (Concurrent Start) (Metadata GC Threshold) 182M->32M(512M) 7.825ms
[2026-04-15T10:31:25.654+0900] GC(5) User=0.05s Sys=0.02s Real=0.01s
[2026-04-15T10:31:25.654+0900] GC(6) Concurrent Mark Cycle
[2026-04-15T10:31:25.654+0900] GC(6) Concurrent Clear Claimed Marks
[2026-04-15T10:31:25.654+0900] GC(6) Concurrent Clear Claimed Marks 0.013ms
[2026-04-15T10:31:25.654+0900] GC(6) Concurrent Scan Root Regions
[2026-04-15T10:31:25.656+0900] GC(6) Concurrent Scan Root Regions 1.255ms
[2026-04-15T10:31:25.656+0900] GC(6) Concurrent Mark
[2026-04-15T10:31:25.656+0900] GC(6) Concurrent Mark From Roots
[2026-04-15T10:31:25.656+0900] GC(6) Using 4 workers of 4 for marking
[2026-04-15T10:31:25.657+0900] GC(6) Concurrent Mark From Roots 0.964ms
[2026-04-15T10:31:25.657+0900] GC(6) Concurrent Preclean
[2026-04-15T10:31:25.657+0900] GC(6) Concurrent Preclean 0.032ms
[2026-04-15T10:31:25.657+0900] GC(6) Pause Remark
[2026-04-15T10:31:25.658+0900] GC(6) Pause Remark 32M->32M(512M) 1.006ms
[2026-04-15T10:31:25.658+0900] GC(6) User=0.00s Sys=0.00s Real=0.00s
[2026-04-15T10:31:25.658+0900] GC(6) Concurrent Mark 2.095ms
[2026-04-15T10:31:25.658+0900] GC(6) Concurrent Rebuild Remembered Sets
[2026-04-15T10:31:25.658+0900] GC(6) Concurrent Rebuild Remembered Sets 0.502ms
[2026-04-15T10:31:25.658+0900] GC(6) Pause Cleanup
[2026-04-15T10:31:25.658+0900] GC(6) Pause Cleanup 32M->32M(512M) 0.043ms
[2026-04-15T10:31:25.658+0900] GC(6) User=0.00s Sys=0.00s Real=0.00s
[2026-04-15T10:31:25.658+0900] GC(6) Concurrent Cleanup for Next Mark
[2026-04-15T10:31:25.659+0900] GC(6) Concurrent Cleanup for Next Mark 0.699ms
[2026-04-15T10:31:25.659+0900] GC(6) Concurrent Mark Cycle 4.796ms
[2026-04-15T10:31:26.420+0900] GC(7) Pause Young (Normal) (G1 Evacuation Pause)
[2026-04-15T10:31:26.420+0900] GC(7) Using 4 workers of 4 for evacuation
[2026-04-15T10:31:26.429+0900] GC(7)   Pre Evacuate Collection Set: 0.0ms
[2026-04-15T10:31:26.429+0900] GC(7)   Merge Heap Roots: 0.0ms
[2026-04-15T10:31:26.429+0900] GC(7)   Evacuate Collection Set: 9.5ms
[2026-04-15T10:31:26.429+0900] GC(7)   Post Evacuate Collection Set: 0.4ms
[2026-04-15T10:31:26.429+0900] GC(7)   Other: 0.1ms
[2026-04-15T10:31:26.429+0900] GC(7) Eden regions: 159->0(255)
[2026-04-15T10:31:26.429+0900] GC(7) Survivor regions: 15->10(22)
[2026-04-15T10:31:26.429+0900] GC(7) Old regions: 14->28
[2026-04-15T10:31:26.429+0900] GC(7) Archive regions: 0->0
[2026-04-15T10:31:26.429+0900] GC(7) Humongous regions: 4->4
[2026-04-15T10:31:26.429+0900] GC(7) Metaspace: 53269K(53824K)->53269K(53824K) NonClass: 45686K(46016K)->45686K(46016K) Class: 7582K(7808K)->7582K(7808K)
[2026-04-15T10:31:26.429+0900] GC(7) Pause Young (Normal) (G1 Evacuation Pause) 191M->41M(512M) 10.129ms
[2026-04-15T10:31:26.429+0900] GC(7) User=0.00s Sys=0.00s Real=0.01s
[2026-04-15T10:31:26.657+0900] GC(8) Pause Young (Concurrent Start) (Metadata GC Threshold)
[2026-04-15T10:31:26.657+0900] GC(8) Using 4 workers of 4 for evacuation
[2026-04-15T10:31:26.661+0900] GC(8)   Pre Evacuate Collection Set: 0.1ms
[2026-04-15T10:31:26.661+0900] GC(8)   Merge Heap Roots: 0.0ms
[2026-04-15T10:31:26.661+0900] GC(8)   Evacuate Collection Set: 4.1ms
[2026-04-15T10:31:26.661+0900] GC(8)   Post Evacuate Collection Set: 0.3ms
[2026-04-15T10:31:26.661+0900] GC(8)   Other: 0.1ms
[2026-04-15T10:31:26.661+0900] GC(8) Eden regions: 56->0(296)
[2026-04-15T10:31:26.661+0900] GC(8) Survivor regions: 10->11(34)
[2026-04-15T10:31:26.661+0900] GC(8) Old regions: 28->28
[2026-04-15T10:31:26.661+0900] GC(8) Archive regions: 0->0
[2026-04-15T10:31:26.661+0900] GC(8) Humongous regions: 4->4
[2026-04-15T10:31:26.661+0900] GC(8) Metaspace: 59804K(60288K)->59804K(60288K) NonClass: 51270K(51520K)->51270K(51520K) Class: 8534K(8768K)->8534K(8768K)
[2026-04-15T10:31:26.661+0900] GC(8) Pause Young (Concurrent Start) (Metadata GC Threshold) 97M->41M(512M) 4.742ms
[2026-04-15T10:31:26.661+0900] GC(8) User=0.00s Sys=0.00s Real=0.00s
[2026-04-15T10:31:26.661+0900] GC(9) Concurrent Mark Cycle
[2026-04-15T10:31:26.661+0900] GC(9) Concurrent Clear Claimed Marks
[2026-04-15T10:31:26.661+0900] GC(9) Concurrent Clear Claimed Marks 0.013ms
[2026-04-15T10:31:26.661+0900] GC(9) Concurrent Scan Root Regions
[2026-04-15T10:31:26.663+0900] GC(9) Concurrent Scan Root Regions 1.441ms
[2026-04-15T10:31:26.663+0900] GC(9) Concurrent Mark
[2026-04-15T10:31:26.663+0900] GC(9) Concurrent Mark From Roots
[2026-04-15T10:31:26.663+0900] GC(9) Using 4 workers of 4 for marking
[2026-04-15T10:31:26.667+0900] GC(9) Concurrent Mark From Roots 3.472ms
[2026-04-15T10:31:26.667+0900] GC(9) Concurrent Preclean
[2026-04-15T10:31:26.667+0900] GC(9) Concurrent Preclean 0.088ms
[2026-04-15T10:31:26.667+0900] GC(9) Pause Remark
[2026-04-15T10:31:26.670+0900] GC(9) Pause Remark 42M->42M(512M) 3.576ms
[2026-04-15T10:31:26.670+0900] GC(9) User=0.03s Sys=0.03s Real=0.00s
[2026-04-15T10:31:26.670+0900] GC(9) Concurrent Mark 7.227ms
[2026-04-15T10:31:26.670+0900] GC(9) Concurrent Rebuild Remembered Sets
[2026-04-15T10:31:26.672+0900] GC(9) Concurrent Rebuild Remembered Sets 2.118ms
[2026-04-15T10:31:26.672+0900] GC(9) Pause Cleanup
[2026-04-15T10:31:26.673+0900] GC(9) Pause Cleanup 43M->43M(512M) 0.041ms
[2026-04-15T10:31:26.673+0900] GC(9) User=0.00s Sys=0.00s Real=0.00s
[2026-04-15T10:31:26.673+0900] GC(9) Concurrent Cleanup for Next Mark
[2026-04-15T10:31:26.673+0900] GC(9) Concurrent Cleanup for Next Mark 0.226ms
[2026-04-15T10:31:26.673+0900] GC(9) Concurrent Mark Cycle 11.558ms
[2026-04-15T10:31:33.147+0900] GC(10) Pause Young (Prepare Mixed) (G1 Evacuation Pause)
[2026-04-15T10:31:33.147+0900] GC(10) Using 4 workers of 4 for evacuation
[2026-04-15T10:31:33.160+0900] GC(10)   Pre Evacuate Collection Set: 0.0ms
[2026-04-15T10:31:33.160+0900] GC(10)   Merge Heap Roots: 0.1ms
[2026-04-15T10:31:33.160+0900] GC(10)   Evacuate Collection Set: 12.1ms
[2026-04-15T10:31:33.160+0900] GC(10)   Post Evacuate Collection Set: 0.6ms
[2026-04-15T10:31:33.160+0900] GC(10)   Other: 0.1ms
[2026-04-15T10:31:33.160+0900] GC(10) Eden regions: 296->0(1)
[2026-04-15T10:31:33.160+0900] GC(10) Survivor regions: 11->24(39)
[2026-04-15T10:31:33.160+0900] GC(10) Old regions: 28->28
[2026-04-15T10:31:33.160+0900] GC(10) Archive regions: 0->0
[2026-04-15T10:31:33.160+0900] GC(10) Humongous regions: 4->4
[2026-04-15T10:31:33.160+0900] GC(10) Metaspace: 91764K(92416K)->91764K(92416K) NonClass: 78412K(78720K)->78412K(78720K) Class: 13351K(13696K)->13351K(13696K)
[2026-04-15T10:31:33.160+0900] GC(10) Pause Young (Prepare Mixed) (G1 Evacuation Pause) 337M->55M(512M) 13.026ms
[2026-04-15T10:31:33.160+0900] GC(10) User=0.05s Sys=0.02s Real=0.01s
[2026-04-15T10:31:33.166+0900] GC(11) Pause Young (Mixed) (G1 Evacuation Pause)
[2026-04-15T10:31:33.166+0900] GC(11) Using 4 workers of 4 for evacuation
[2026-04-15T10:31:33.174+0900] GC(11)   Pre Evacuate Collection Set: 0.0ms
[2026-04-15T10:31:33.174+0900] GC(11)   Merge Heap Roots: 0.0ms
[2026-04-15T10:31:33.174+0900] GC(11)   Evacuate Collection Set: 7.6ms
[2026-04-15T10:31:33.174+0900] GC(11)   Post Evacuate Collection Set: 0.2ms
[2026-04-15T10:31:33.174+0900] GC(11)   Other: 0.1ms
[2026-04-15T10:31:33.174+0900] GC(11) Eden regions: 1->0(295)
[2026-04-15T10:31:33.174+0900] GC(11) Survivor regions: 24->2(4)
[2026-04-15T10:31:33.174+0900] GC(11) Old regions: 28->50
[2026-04-15T10:31:33.174+0900] GC(11) Archive regions: 0->0
[2026-04-15T10:31:33.174+0900] GC(11) Humongous regions: 4->4
[2026-04-15T10:31:33.174+0900] GC(11) Metaspace: 92009K(92672K)->92009K(92672K) NonClass: 78578K(78912K)->78578K(78912K) Class: 13431K(13760K)->13431K(13760K)
[2026-04-15T10:31:33.174+0900] GC(11) Pause Young (Mixed) (G1 Evacuation Pause) 56M->55M(512M) 8.037ms
[2026-04-15T10:31:33.174+0900] GC(11) User=0.05s Sys=0.02s Real=0.01s
[2026-04-15T10:31:33.628+0900] GC(12) Pause Young (Concurrent Start) (Metadata GC Threshold)
[2026-04-15T10:31:33.628+0900] GC(12) Using 4 workers of 4 for evacuation
[2026-04-15T10:31:33.633+0900] GC(12)   Pre Evacuate Collection Set: 0.1ms
[2026-04-15T10:31:33.633+0900] GC(12)   Merge Heap Roots: 0.1ms
[2026-04-15T10:31:33.633+0900] GC(12)   Evacuate Collection Set: 4.7ms
[2026-04-15T10:31:33.633+0900] GC(12)   Post Evacuate Collection Set: 0.3ms
[2026-04-15T10:31:33.633+0900] GC(12)   Other: 0.2ms
[2026-04-15T10:31:33.633+0900] GC(12) Eden regions: 234->0(295)
[2026-04-15T10:31:33.633+0900] GC(12) Survivor regions: 2->10(38)
[2026-04-15T10:31:33.633+0900] GC(12) Old regions: 50->50
[2026-04-15T10:31:33.633+0900] GC(12) Archive regions: 0->0
[2026-04-15T10:31:33.633+0900] GC(12) Humongous regions: 4->4
[2026-04-15T10:31:33.633+0900] GC(12) Metaspace: 100131K(100800K)->100131K(100800K) NonClass: 85494K(85824K)->85494K(85824K) Class: 14637K(14976K)->14637K(14976K)
[2026-04-15T10:31:33.633+0900] GC(12) Pause Young (Concurrent Start) (Metadata GC Threshold) 288M->63M(512M) 5.508ms
[2026-04-15T10:31:33.633+0900] GC(12) User=0.00s Sys=0.00s Real=0.00s
[2026-04-15T10:31:33.633+0900] GC(13) Concurrent Mark Cycle
[2026-04-15T10:31:33.633+0900] GC(13) Concurrent Clear Claimed Marks
[2026-04-15T10:31:33.633+0900] GC(13) Concurrent Clear Claimed Marks 0.014ms
[2026-04-15T10:31:33.633+0900] GC(13) Concurrent Scan Root Regions
[2026-04-15T10:31:33.634+0900] GC(13) Concurrent Scan Root Regions 1.174ms
[2026-04-15T10:31:33.634+0900] GC(13) Concurrent Mark
[2026-04-15T10:31:33.634+0900] GC(13) Concurrent Mark From Roots
[2026-04-15T10:31:33.634+0900] GC(13) Using 4 workers of 4 for marking
[2026-04-15T10:31:33.643+0900] GC(13) Concurrent Mark From Roots 8.284ms
[2026-04-15T10:31:33.643+0900] GC(13) Concurrent Preclean
[2026-04-15T10:31:33.643+0900] GC(13) Concurrent Preclean 0.129ms
[2026-04-15T10:31:33.643+0900] GC(13) Pause Remark
[2026-04-15T10:31:33.649+0900] GC(13) Pause Remark 64M->64M(512M) 5.959ms
[2026-04-15T10:31:33.649+0900] GC(13) User=0.00s Sys=0.00s Real=0.01s
[2026-04-15T10:31:33.649+0900] GC(13) Concurrent Mark 14.495ms
[2026-04-15T10:31:33.649+0900] GC(13) Concurrent Rebuild Remembered Sets
[2026-04-15T10:31:33.654+0900] GC(13) Concurrent Rebuild Remembered Sets 4.755ms
[2026-04-15T10:31:33.662+0900] GC(13) Pause Cleanup
[2026-04-15T10:31:33.662+0900] GC(13) Pause Cleanup 64M->64M(512M) 0.086ms
[2026-04-15T10:31:33.662+0900] GC(13) User=0.00s Sys=0.00s Real=0.00s
[2026-04-15T10:31:33.662+0900] GC(13) Concurrent Cleanup for Next Mark
[2026-04-15T10:31:33.662+0900] GC(13) Concurrent Cleanup for Next Mark 0.235ms
[2026-04-15T10:31:33.662+0900] GC(13) Concurrent Mark Cycle 27.945ms
[2026-04-15T10:31:34.299+0900] GC(14) Pause Young (Prepare Mixed) (G1 Evacuation Pause)
[2026-04-15T10:31:34.299+0900] GC(14) Using 4 workers of 4 for evacuation
[2026-04-15T10:31:34.309+0900] GC(14)   Pre Evacuate Collection Set: 0.0ms
[2026-04-15T10:31:34.309+0900] GC(14)   Merge Heap Roots: 0.1ms
[2026-04-15T10:31:34.309+0900] GC(14)   Evacuate Collection Set: 9.2ms
[2026-04-15T10:31:34.309+0900] GC(14)   Post Evacuate Collection Set: 0.5ms
[2026-04-15T10:31:34.309+0900] GC(14)   Other: 0.1ms
[2026-04-15T10:31:34.309+0900] GC(14) Eden regions: 295->0(1)
[2026-04-15T10:31:34.309+0900] GC(14) Survivor regions: 10->24(39)
[2026-04-15T10:31:34.309+0900] GC(14) Old regions: 50->50
[2026-04-15T10:31:34.309+0900] GC(14) Archive regions: 0->0
[2026-04-15T10:31:34.309+0900] GC(14) Humongous regions: 4->4
[2026-04-15T10:31:34.309+0900] GC(14) Metaspace: 107265K(107904K)->107265K(107904K) NonClass: 91712K(92032K)->91712K(92032K) Class: 15553K(15872K)->15553K(15872K)
[2026-04-15T10:31:34.309+0900] GC(14) Pause Young (Prepare Mixed) (G1 Evacuation Pause) 358M->76M(512M) 10.050ms
[2026-04-15T10:31:34.309+0900] GC(14) User=0.02s Sys=0.05s Real=0.01s
[2026-04-15T10:31:34.312+0900] GC(15) Pause Young (Mixed) (G1 Evacuation Pause)
[2026-04-15T10:31:34.312+0900] GC(15) Using 4 workers of 4 for evacuation
[2026-04-15T10:31:34.322+0900] GC(15)   Pre Evacuate Collection Set: 0.0ms
[2026-04-15T10:31:34.322+0900] GC(15)   Merge Heap Roots: 0.1ms
[2026-04-15T10:31:34.322+0900] GC(15)   Evacuate Collection Set: 8.5ms
[2026-04-15T10:31:34.322+0900] GC(15)   Post Evacuate Collection Set: 0.3ms
[2026-04-15T10:31:34.322+0900] GC(15)   Other: 0.1ms
[2026-04-15T10:31:34.322+0900] GC(15) Eden regions: 1->0(287)
[2026-04-15T10:31:34.322+0900] GC(15) Survivor regions: 24->2(4)
[2026-04-15T10:31:34.322+0900] GC(15) Old regions: 50->71
[2026-04-15T10:31:34.322+0900] GC(15) Archive regions: 0->0
[2026-04-15T10:31:34.322+0900] GC(15) Humongous regions: 4->4
[2026-04-15T10:31:34.322+0900] GC(15) Metaspace: 107292K(107968K)->107292K(107968K) NonClass: 91733K(92096K)->91733K(92096K) Class: 15559K(15872K)->15559K(15872K)
[2026-04-15T10:31:34.322+0900] GC(15) Pause Young (Mixed) (G1 Evacuation Pause) 77M->76M(512M) 9.050ms
[2026-04-15T10:31:34.322+0900] GC(15) User=0.00s Sys=0.00s Real=0.01s
[2026-04-15T10:31:36.374+0900] GC(16) Pause Young (Concurrent Start) (G1 Evacuation Pause)
[2026-04-15T10:31:36.374+0900] GC(16) Using 4 workers of 4 for evacuation
[2026-04-15T10:31:36.384+0900] GC(16)   Pre Evacuate Collection Set: 0.1ms
[2026-04-15T10:31:36.384+0900] GC(16)   Merge Heap Roots: 0.1ms
[2026-04-15T10:31:36.384+0900] GC(16)   Evacuate Collection Set: 9.1ms
[2026-04-15T10:31:36.384+0900] GC(16)   Post Evacuate Collection Set: 0.5ms
[2026-04-15T10:31:36.384+0900] GC(16)   Other: 0.1ms
[2026-04-15T10:31:36.384+0900] GC(16) Eden regions: 287->0(276)
[2026-04-15T10:31:36.384+0900] GC(16) Survivor regions: 2->16(37)
[2026-04-15T10:31:36.384+0900] GC(16) Old regions: 71->71
[2026-04-15T10:31:36.385+0900] GC(16) Archive regions: 0->0
[2026-04-15T10:31:36.385+0900] GC(16) Humongous regions: 4->4
[2026-04-15T10:31:36.385+0900] GC(16) Metaspace: 119950K(120704K)->119950K(120704K) NonClass: 102575K(102976K)->102575K(102976K) Class: 17375K(17728K)->17375K(17728K)
[2026-04-15T10:31:36.385+0900] GC(16) Pause Young (Concurrent Start) (G1 Evacuation Pause) 363M->90M(512M) 10.123ms
[2026-04-15T10:31:36.385+0900] GC(16) User=0.00s Sys=0.00s Real=0.01s
[2026-04-15T10:31:36.385+0900] GC(17) Concurrent Mark Cycle
[2026-04-15T10:31:36.385+0900] GC(17) Concurrent Clear Claimed Marks
[2026-04-15T10:31:36.385+0900] GC(17) Concurrent Clear Claimed Marks 0.036ms
[2026-04-15T10:31:36.385+0900] GC(17) Concurrent Scan Root Regions
[2026-04-15T10:31:36.387+0900] GC(17) Concurrent Scan Root Regions 2.381ms
[2026-04-15T10:31:36.387+0900] GC(17) Concurrent Mark
[2026-04-15T10:31:36.387+0900] GC(17) Concurrent Mark From Roots
[2026-04-15T10:31:36.387+0900] GC(17) Using 4 workers of 4 for marking
[2026-04-15T10:31:36.398+0900] GC(17) Concurrent Mark From Roots 10.954ms
[2026-04-15T10:31:36.398+0900] GC(17) Concurrent Preclean
[2026-04-15T10:31:36.398+0900] GC(17) Concurrent Preclean 0.105ms
[2026-04-15T10:31:36.398+0900] GC(17) Pause Remark
[2026-04-15T10:31:36.404+0900] GC(17) Pause Remark 91M->91M(512M) 6.868ms
[2026-04-15T10:31:36.405+0900] GC(17) User=0.06s Sys=0.00s Real=0.01s
[2026-04-15T10:31:36.405+0900] GC(17) Concurrent Mark 18.063ms
[2026-04-15T10:31:36.405+0900] GC(17) Concurrent Rebuild Remembered Sets
[2026-04-15T10:31:36.411+0900] GC(17) Concurrent Rebuild Remembered Sets 6.551ms
[2026-04-15T10:31:36.412+0900] GC(17) Pause Cleanup
[2026-04-15T10:31:36.412+0900] GC(17) Pause Cleanup 91M->91M(512M) 0.079ms
[2026-04-15T10:31:36.412+0900] GC(17) User=0.00s Sys=0.00s Real=0.00s
[2026-04-15T10:31:36.412+0900] GC(17) Concurrent Cleanup for Next Mark
[2026-04-15T10:31:36.412+0900] GC(17) Concurrent Cleanup for Next Mark 0.222ms
[2026-04-15T10:31:36.412+0900] GC(17) Concurrent Mark Cycle 27.856ms
[2026-04-15T10:31:49.945+0900] Heap
[2026-04-15T10:31:49.945+0900]  garbage-first heap   total 524288K, used 146868K [0x00000000a8000000, 0x0000000100000000)
[2026-04-15T10:31:49.945+0900]   region size 1024K, 69 young (70656K), 16 survivors (16384K)
[2026-04-15T10:31:49.945+0900]  Metaspace       used 123951K, committed 124736K, reserved 344064K
[2026-04-15T10:31:49.945+0900]   class space    used 17981K, committed 18368K, reserved 212992K
